../Core/Src/stm32f4xx_hal_msp.c:643:13:HAL_FMC_MspInit	56	static
../Core/Src/stm32f4xx_hal_msp.c:64:6:HAL_MspInit	8	static
../Core/Src/stm32f4xx_hal_msp.c:89:6:HAL_ADC_MspInit	40	static
../Core/Src/stm32f4xx_hal_msp.c:123:6:HAL_ADC_MspDeInit	0	static
../Core/Src/stm32f4xx_hal_msp.c:151:6:HAL_ETH_MspInit	72	static
../Core/Src/stm32f4xx_hal_msp.c:233:6:HAL_ETH_MspDeInit	8	static
../Core/Src/stm32f4xx_hal_msp.c:283:6:HAL_I2C_MspInit	48	static
../Core/Src/stm32f4xx_hal_msp.c:320:6:HAL_I2C_MspDeInit	8	static
../Core/Src/stm32f4xx_hal_msp.c:351:6:HAL_LTDC_MspInit	104	static
../Core/Src/stm32f4xx_hal_msp.c:447:6:HAL_LTDC_MspDeInit	8	static
../Core/Src/stm32f4xx_hal_msp.c:510:6:HAL_UART_MspInit	40	static
../Core/Src/stm32f4xx_hal_msp.c:547:6:HAL_UART_MspDeInit	0	static
../Core/Src/stm32f4xx_hal_msp.c:576:6:HAL_HCD_MspInit	48	static
../Core/Src/stm32f4xx_hal_msp.c:616:6:HAL_HCD_MspDeInit	8	static
../Core/Src/stm32f4xx_hal_msp.c:794:6:HAL_NOR_MspInit	0	static
../Core/Src/stm32f4xx_hal_msp.c:804:6:HAL_SRAM_MspInit	0	static
../Core/Src/stm32f4xx_hal_msp.c:814:6:HAL_SDRAM_MspInit	0	static
../Core/Src/stm32f4xx_hal_msp.c:940:6:HAL_NOR_MspDeInit	8	static
../Core/Src/stm32f4xx_hal_msp.c:950:6:HAL_SRAM_MspDeInit	8	static
../Core/Src/stm32f4xx_hal_msp.c:960:6:HAL_SDRAM_MspDeInit	8	static
../Core/Src/stm32f4xx_hal_msp.c:972:6:HAL_SAI_MspInit	40	static
../Core/Src/stm32f4xx_hal_msp.c:1022:6:HAL_SAI_MspDeInit	8	static
